
Discarded input sections

 .data          0x0000000000000000        0x0 start.o
 .bss           0x0000000000000000        0x0 start.o
 .data          0x0000000000000000        0x0 cpu_init.o
 .bss           0x0000000000000000        0x0 cpu_init.o
 .text          0x0000000000000000        0x0 nand_boot.o
 .data          0x0000000000000000        0x0 nand_boot.o
 .bss           0x0000000000000000        0x0 nand_boot.o
 .data          0x0000000000000000        0x0 lowlevel_init.o
 .bss           0x0000000000000000        0x0 lowlevel_init.o
 .data          0x0000000000000000        0x0 crt0.o
 .bss           0x0000000000000000        0x0 crt0.o
 .text          0x0000000000000000        0x0 nand_ecc.o
 .data          0x0000000000000000        0x0 nand_ecc.o
 .bss           0x0000000000000000        0x0 nand_ecc.o
 .text.nand_correct_data
                0x0000000000000000      0x120 nand_ecc.o
 .debug_info    0x0000000000000000      0xa4f nand_ecc.o
 .debug_abbrev  0x0000000000000000      0x1ea nand_ecc.o
 .debug_loc     0x0000000000000000      0x555 nand_ecc.o
 .debug_aranges
                0x0000000000000000       0x20 nand_ecc.o
 .debug_ranges  0x0000000000000000       0x28 nand_ecc.o
 .debug_line    0x0000000000000000      0x1be nand_ecc.o
 .debug_str     0x0000000000000000      0x709 nand_ecc.o
 .comment       0x0000000000000000       0x22 nand_ecc.o
 .note.GNU-stack
                0x0000000000000000        0x0 nand_ecc.o
 .ARM.attributes
                0x0000000000000000       0x3a nand_ecc.o
 .debug_frame   0x0000000000000000       0x2c nand_ecc.o
 .text          0x0000000000000000        0x0 s3c64xx.o
 .text          0x0000000000000000        0x0 smdk6410_nand_spl.o
 .data          0x0000000000000000        0x0 smdk6410_nand_spl.o
 .bss           0x0000000000000000        0x0 smdk6410_nand_spl.o
 .text          0x0000000000000000        0x0 nand_base.o
 .data          0x0000000000000000      0x920 nand_base.o
 .bss           0x0000000000000000        0x0 nand_base.o
 .text.nand_release_device
                0x0000000000000000       0x10 nand_base.o
 .text.nand_read_byte16
                0x0000000000000000       0x18 nand_base.o
 .text.nand_read_word
                0x0000000000000000       0x14 nand_base.o
 .text.nand_verify_buf
                0x0000000000000000       0x40 nand_base.o
 .text.nand_write_buf16
                0x0000000000000000       0x34 nand_base.o
 .text.nand_read_buf16
                0x0000000000000000       0x34 nand_base.o
 .text.nand_verify_buf16
                0x0000000000000000       0x4c nand_base.o
 .text.nand_check_wp
                0x0000000000000000       0x50 nand_base.o
 .text.nand_read_page_raw
                0x0000000000000000       0x38 nand_base.o
 .text.nand_read_page_raw_syndrome
                0x0000000000000000       0xd4 nand_base.o
 .text.nand_read_page_swecc
                0x0000000000000000      0x118 nand_base.o
 .text.nand_read_subpage
                0x0000000000000000      0x26c nand_base.o
 .text.nand_read_page_hwecc
                0x0000000000000000      0x148 nand_base.o
 .text.nand_read_page_hwecc_oob_first
                0x0000000000000000      0x138 nand_base.o
 .text.nand_read_page_syndrome
                0x0000000000000000      0x124 nand_base.o
 .text.nand_read_oob_std
                0x0000000000000000       0x48 nand_base.o
 .text.nand_read_oob_syndrome
                0x0000000000000000      0x100 nand_base.o
 .text.nand_write_oob_std
                0x0000000000000000       0x70 nand_base.o
 .text.nand_write_oob_syndrome
                0x0000000000000000      0x194 nand_base.o
 .text.nand_write_page_raw
                0x0000000000000000       0x34 nand_base.o
 .text.nand_write_page_raw_syndrome
                0x0000000000000000       0xd0 nand_base.o
 .text.nand_write_page_swecc
                0x0000000000000000       0xb4 nand_base.o
 .text.nand_write_page_hwecc
                0x0000000000000000       0xcc nand_base.o
 .text.nand_write_page_syndrome
                0x0000000000000000       0xf0 nand_base.o
 .text.single_erase_cmd
                0x0000000000000000       0x3c nand_base.o
 .text.multi_erase_cmd
                0x0000000000000000       0x88 nand_base.o
 .text.nand_sync
                0x0000000000000000       0x10 nand_base.o
 .text.nand_wait
                0x0000000000000000       0xdc nand_base.o
 .text.nand_block_checkbad
                0x0000000000000000       0x78 nand_base.o
 .text.nand_block_isbad
                0x0000000000000000       0x30 nand_base.o
 .text.nand_block_markbad
                0x0000000000000000       0x40 nand_base.o
 .text.nand_block_bad
                0x0000000000000000      0x158 nand_base.o
 .text.nand_write_page
                0x0000000000000000       0xac nand_base.o
 .text.generic_ffs
                0x0000000000000000       0x50 nand_base.o
 .text.nand_fill_oob
                0x0000000000000000      0x104 nand_base.o
 .text.nand_do_write_oob
                0x0000000000000000      0x198 nand_base.o
 .text.nand_default_block_markbad
                0x0000000000000000      0x174 nand_base.o
 .text.nand_do_write_ops
                0x0000000000000000      0x32c nand_base.o
 .text.nand_write_oob
                0x0000000000000000       0xa4 nand_base.o
 .text.nand_write
                0x0000000000000000       0x88 nand_base.o
 .text.nand_select_chip
                0x0000000000000000       0x50 nand_base.o
 .text.nand_transfer_oob
                0x0000000000000000      0x104 nand_base.o
 .text.nand_wait_ready
                0x0000000000000000       0x54 nand_base.o
 .text.nand_command
                0x0000000000000000      0x1cc nand_base.o
 .text.nand_command_lp
                0x0000000000000000      0x258 nand_base.o
 .text.nand_do_read_ops
                0x0000000000000000      0x3f8 nand_base.o
 .text.nand_read_oob
                0x0000000000000000      0x278 nand_base.o
 .text.nand_read
                0x0000000000000000       0x88 nand_base.o
 .text.nand_erase_nand
                0x0000000000000000      0x3cc nand_base.o
 .text.nand_erase
                0x0000000000000000        0x8 nand_base.o
 .text.nand_scan_ident
                0x0000000000000000      0x780 nand_base.o
 .text.nand_scan_tail
                0x0000000000000000      0x5c4 nand_base.o
 .text.nand_scan
                0x0000000000000000       0x24 nand_base.o
 .text.nand_release
                0x0000000000000000       0x44 nand_base.o
 .rodata        0x0000000000000000       0x64 nand_base.o
 .rodata.str1.1
                0x0000000000000000      0x286 nand_base.o

Memory Configuration

Name             Origin             Length             Attributes
*default*        0x0000000000000000 0xffffffffffffffff

Linker script and memory map

                0x0000000000000000                . = 0x0
                0x0000000000000000                . = ALIGN (0x4)

.text           0x0000000000000000      0x4a8
 start.o(.text)
 .text          0x0000000000000000      0x140 start.o
                0x0000000000000000                _start
                0x0000000000000040                _end_vect
                0x0000000000000040                _TEXT_BASE
                0x0000000000000048                _bss_start_ofs
                0x000000000000004c                _bss_end_ofs
                0x0000000000000050                _end_ofs
                0x0000000000000054                IRQ_STACK_START_IN
                0x000000000000007c                relocate_code
                0x0000000000000134                c_runtime_cpu_setup
 cpu_init.o(.text)
 .text          0x0000000000000140      0x124 cpu_init.o
                0x0000000000000140                mem_ctrl_asm_init
 nand_boot.o(.text)
 *(.text)
 .text          0x0000000000000264      0x1b4 lowlevel_init.o
                0x0000000000000268                lowlevel_init
 .text          0x0000000000000418       0x90 crt0.o
                0x0000000000000418                _main

.glue_7         0x00000000000004a8        0x0
 .glue_7        0x0000000000000000        0x0 linker stubs

.glue_7t        0x00000000000004a8        0x0
 .glue_7t       0x0000000000000000        0x0 linker stubs

.vfp11_veneer   0x00000000000004a8        0x0
 .vfp11_veneer  0x0000000000000000        0x0 linker stubs

.v4_bx          0x00000000000004a8        0x0
 .v4_bx         0x0000000000000000        0x0 linker stubs

.iplt           0x00000000000004a8        0x0
 .iplt          0x0000000000000000        0x0 start.o

.text.nand_command.constprop.0
                0x00000000000004a8       0xec
 .text.nand_command.constprop.0
                0x00000000000004a8       0xec nand_boot.o

.text.nand_load
                0x0000000000000594      0x164
 .text.nand_load
                0x0000000000000594      0x164 nand_boot.o

.text.nand_boot
                0x00000000000006f8       0x9c
 .text.nand_boot
                0x00000000000006f8       0x9c nand_boot.o
                0x00000000000006f8                nand_boot

.text.s3c_nand_select_chip
                0x0000000000000794       0x40
 .text.s3c_nand_select_chip
                0x0000000000000794       0x40 s3c64xx.o

.text.s3c_nand_device_ready
                0x00000000000007d4       0x14
 .text.s3c_nand_device_ready
                0x00000000000007d4       0x14 s3c64xx.o

.text.s3c_nand_enable_hwecc
                0x00000000000007e8       0x40
 .text.s3c_nand_enable_hwecc
                0x00000000000007e8       0x40 s3c64xx.o

.text.s3c_nand_calculate_ecc
                0x0000000000000828       0x3c
 .text.s3c_nand_calculate_ecc
                0x0000000000000828       0x3c s3c64xx.o

.text.s3c_nand_correct_data
                0x0000000000000864       0x5c
 .text.s3c_nand_correct_data
                0x0000000000000864       0x5c s3c64xx.o

.text.s3c_nand_hwcontrol
                0x00000000000008c0       0x80
 .text.s3c_nand_hwcontrol
                0x00000000000008c0       0x80 s3c64xx.o

.text.board_nand_init
                0x0000000000000940       0xf4
 .text.board_nand_init
                0x0000000000000940       0xf4 s3c64xx.o
                0x0000000000000940                board_nand_init

.text.board_init_f
                0x0000000000000a34       0x14
 .text.board_init_f
                0x0000000000000a34       0x14 smdk6410_nand_spl.o
                0x0000000000000a34                board_init_f

.text.nand_read_byte
                0x0000000000000a48       0x14
 .text.nand_read_byte
                0x0000000000000a48       0x14 nand_base.o
                0x0000000000000a48                nand_read_byte

.text.nand_write_buf
                0x0000000000000a5c       0x2c
 .text.nand_write_buf
                0x0000000000000a5c       0x2c nand_base.o
                0x0000000000000a5c                nand_write_buf

.text.nand_read_buf
                0x0000000000000a88       0x2c
 .text.nand_read_buf
                0x0000000000000a88       0x2c nand_base.o
                0x0000000000000a88                nand_read_buf
                0x0000000000000ab4                . = ALIGN (0x4)

.rodata
 *(SORT(.rodata*))
                0x0000000000000ab4                . = ALIGN (0x4)

.data           0x0000000000000ab4        0x8
 *(.data)
 .data          0x0000000000000ab4        0x8 s3c64xx.o

.igot.plt       0x0000000000000abc        0x0
 .igot.plt      0x0000000000000000        0x0 start.o
                0x0000000000000abc                . = ALIGN (0x4)

.got
 *(.got)
                0x0000000000000abc                . = ALIGN (0x4)

.u_boot_list
 *(SORT(.u_boot_list*))
                0x0000000000000abc                . = ALIGN (0x4)

.rel.dyn        0x0000000000000abc        0x0
                0x0000000000000abc                __rel_dyn_start = .
 *(.rel*)
 .rel.iplt      0x0000000000000000        0x0 start.o
                0x0000000000000abc                __rel_dyn_end = .

.dynsym         0x0000000000000abc        0x0
                0x0000000000000abc                __dynsym_start = .
 *(.dynsym)
                0x0000000000000abc                _end = .

.bss            0x0000000000000abc        0x4
                0x0000000000000abc                __bss_start = .
 *(.bss)
 .bss           0x0000000000000abc        0x4 s3c64xx.o
                0x0000000000000ac0                . = ALIGN (0x4)
                0x0000000000000ac0                __bss_end = .
Address of section .text set to 0x0
LOAD start.o
LOAD cpu_init.o
LOAD lowlevel_init.o
LOAD crt0.o
LOAD nand_boot.o
LOAD nand_ecc.o
LOAD s3c64xx.o
LOAD smdk6410_nand_spl.o
LOAD nand_base.o
OUTPUT(/home/brian/workspace/ok6410/u-boot/w-2013.04-rc2/nand_spl/u-boot-spl elf32-littlearm)

.ARM.attributes
                0x0000000000000000       0x38
 .ARM.attributes
                0x0000000000000000       0x2a start.o
 .ARM.attributes
                0x000000000000002a       0x2a cpu_init.o
 .ARM.attributes
                0x0000000000000054       0x3a nand_boot.o
 .ARM.attributes
                0x000000000000008e       0x2a lowlevel_init.o
 .ARM.attributes
                0x00000000000000b8       0x2a crt0.o
 .ARM.attributes
                0x00000000000000e2       0x3a s3c64xx.o
 .ARM.attributes
                0x000000000000011c       0x3a smdk6410_nand_spl.o
 .ARM.attributes
                0x0000000000000156       0x3a nand_base.o

.comment        0x0000000000000000       0x21
 .comment       0x0000000000000000       0x21 nand_boot.o
                                         0x22 (size before relaxing)
 .comment       0x0000000000000000       0x22 s3c64xx.o
 .comment       0x0000000000000000       0x22 smdk6410_nand_spl.o
 .comment       0x0000000000000000       0x22 nand_base.o

.note.GNU-stack
                0x0000000000000000        0x0
 .note.GNU-stack
                0x0000000000000000        0x0 nand_boot.o
 .note.GNU-stack
                0x0000000000000000        0x0 s3c64xx.o
 .note.GNU-stack
                0x0000000000000000        0x0 smdk6410_nand_spl.o
 .note.GNU-stack
                0x0000000000000000        0x0 nand_base.o

.debug_line     0x0000000000000000     0x1927
 .debug_line    0x0000000000000000       0x7c start.o
 .debug_line    0x000000000000007c       0x89 cpu_init.o
 .debug_line    0x0000000000000105      0x255 nand_boot.o
 .debug_line    0x000000000000035a       0xc7 lowlevel_init.o
 .debug_line    0x0000000000000421       0x60 crt0.o
 .debug_line    0x0000000000000481      0x29c s3c64xx.o
 .debug_line    0x000000000000071d      0x19d smdk6410_nand_spl.o
 .debug_line    0x00000000000008ba     0x106d nand_base.o

.debug_info     0x0000000000000000     0x8aba
 .debug_info    0x0000000000000000       0x80 start.o
 .debug_info    0x0000000000000080       0x83 cpu_init.o
 .debug_info    0x0000000000000103     0x1781 nand_boot.o
 .debug_info    0x0000000000001884       0x88 lowlevel_init.o
 .debug_info    0x000000000000190c       0x7f crt0.o
 .debug_info    0x000000000000198b     0x1597 s3c64xx.o
 .debug_info    0x0000000000002f22      0x4c8 smdk6410_nand_spl.o
 .debug_info    0x00000000000033ea     0x56d0 nand_base.o

.debug_abbrev   0x0000000000000000      0xeae
 .debug_abbrev  0x0000000000000000       0x14 start.o
 .debug_abbrev  0x0000000000000014       0x14 cpu_init.o
 .debug_abbrev  0x0000000000000028      0x356 nand_boot.o
 .debug_abbrev  0x000000000000037e       0x14 lowlevel_init.o
 .debug_abbrev  0x0000000000000392       0x14 crt0.o
 .debug_abbrev  0x00000000000003a6      0x3a1 s3c64xx.o
 .debug_abbrev  0x0000000000000747      0x140 smdk6410_nand_spl.o
 .debug_abbrev  0x0000000000000887      0x627 nand_base.o

.debug_aranges  0x0000000000000000      0x300
 .debug_aranges
                0x0000000000000000       0x20 start.o
 .debug_aranges
                0x0000000000000020       0x20 cpu_init.o
 .debug_aranges
                0x0000000000000040       0x30 nand_boot.o
 .debug_aranges
                0x0000000000000070       0x20 lowlevel_init.o
 .debug_aranges
                0x0000000000000090       0x20 crt0.o
 .debug_aranges
                0x00000000000000b0       0x50 s3c64xx.o
 .debug_aranges
                0x0000000000000100       0x20 smdk6410_nand_spl.o
 .debug_aranges
                0x0000000000000120      0x1e0 nand_base.o

.debug_loc      0x0000000000000000     0x49c1
 .debug_loc     0x0000000000000000      0x3c1 nand_boot.o
 .debug_loc     0x00000000000003c1      0x485 s3c64xx.o
 .debug_loc     0x0000000000000846       0x21 smdk6410_nand_spl.o
 .debug_loc     0x0000000000000867     0x415a nand_base.o

.debug_ranges   0x0000000000000000      0x4d0
 .debug_ranges  0x0000000000000000       0x50 nand_boot.o
 .debug_ranges  0x0000000000000050       0x40 s3c64xx.o
 .debug_ranges  0x0000000000000090       0x10 smdk6410_nand_spl.o
 .debug_ranges  0x00000000000000a0      0x430 nand_base.o

.debug_str      0x0000000000000000     0x135b
 .debug_str     0x0000000000000000      0x8f6 nand_boot.o
                                        0xad4 (size before relaxing)
 .debug_str     0x00000000000008f6      0x113 s3c64xx.o
                                        0xb25 (size before relaxing)
 .debug_str     0x0000000000000a09      0x15b smdk6410_nand_spl.o
                                        0x4d3 (size before relaxing)
 .debug_str     0x0000000000000b64      0x7f7 nand_base.o
                                       0x1290 (size before relaxing)

.debug_frame    0x0000000000000000      0x8fc
 .debug_frame   0x0000000000000000       0x7c nand_boot.o
 .debug_frame   0x000000000000007c       0x8c s3c64xx.o
 .debug_frame   0x0000000000000108       0x28 smdk6410_nand_spl.o
 .debug_frame   0x0000000000000130      0x7cc nand_base.o
